
> maya-trips-frontend@1.0.0 test
> vitest --run


 RUN  v2.1.9 /Users/Shared/maya-travel-agent/frontend

 ✓ src/api/__tests__/services.test.ts (6 tests) 51ms
 ✓ src/components/__tests__/TripPlanner.test.tsx (3 tests) 6257ms
   ✓ TripPlanner Component > renders trip cards 4774ms
   ✓ TripPlanner Component > displays trip planning interface 842ms
   ✓ TripPlanner Component > handles trip creation 632ms
 ❯ src/components/__tests__/App.test.tsx (3 tests | 3 failed) 7586ms
   × App Component > renders loading state initially 4142ms
     → Unable to find an element with the text: Loading your travel assistant.... This could be because the text is broken up by multiple elements. In this case, you can provide a function for your text matcher to make your matcher more flexible.

Ignored nodes: comments, script, style
[36m<body>[39m
  [36m<div>[39m
    [36m<div[39m
      [33mclass[39m=[32m"min-h-screen bg-gradient-to-br from-blue-50 via-indigo-50 to-purple-50 flex items-center justify-center p-4"[39m
    [36m>[39m
      [36m<div[39m
        [33mclass[39m=[32m"w-full max-w-md"[39m
      [36m>[39m
        [36m<div[39m
          [33mclass[39m=[32m"bg-white rounded-2xl p-8 shadow-xl max-w-md w-full"[39m
          [33mstyle[39m=[32m"opacity: 0; transform: translateY(20px) translateZ(0);"[39m
        [36m>[39m
          [36m<div[39m
            [33mclass[39m=[32m"text-center mb-8"[39m
          [36m>[39m
            [36m<h2[39m
              [33mclass[39m=[32m"text-3xl font-bold maya-text mb-2"[39m
            [36m>[39m
              [0mWelcome Back[0m
            [36m</h2>[39m
            [36m<p[39m
              [33mclass[39m=[32m"text-gray-600"[39m
            [36m>[39m
              [0mSign in to your Maya Trips account[0m
            [36m</p>[39m
            [36m<div[39m
              [33mclass[39m=[32m"mt-4 bg-blue-50 border border-blue-200 rounded-lg p-3"[39m
            [36m>[39m
              [36m<p[39m
                [33mclass[39m=[32m"text-sm text-blue-800 font-medium"[39m
              [36m>[39m
                [0m🎭 Demo Mode[0m
              [36m</p>[39m
              [36m<p[39m
                [33mclass[39m=[32m"text-xs text-blue-600 mt-1"[39m
              [36m>[39m
                [0mEmail: [0m
                [36m<code[39m
                  [33mclass[39m=[32m"bg-blue-100 px-2 py-0.5 rounded"[39m
                [36m>[39m
                  [0mdemo@mayatrips.com[0m
                [36m</code>[39m
              [36m</p>[39m
              [36m<p[39m
                [33mclass[39m=[32m"text-xs text-blue-600"[39m
              [36m>[39m
                [0mPassword: [0m
                [36m<code[39m
                  [33mclass[39m=[32m"bg-blue-100 px-2 py-0.5 rounded"[39m
                [36m>[39m
                  [0mdemo123[0m
                [36m</code>[39m
              [36m</p>[39m
            [36m</div>[39m
          [36m</div>[39m
          [36m<form[39m
            [33mclass[39m=[32m"space-y-6"[39m
          [36m>[39m
            [36m<div>[39m
              [36m<label[39m
                [33mclass[39m=[32m"block text-sm font-medium text-gray-700 mb-2"[39m
              [36m>[39m
                [0mEmail Address[0m
              [36m</label>[39m
              [36m<div[39m
                [33mclass[39m=[32m"relative"[39m
              [36m>[39m
                [36m<svg[39m
                  [33mclass[39m=[32m"absolute left-3 top-1/2 transform -translate-y-1/2 text-gray-400 w-5 h-5"[39m
                  [33mfill[39m=[32m"none"[39m
                  [33mheight[39m=[32m"24"[39m
                  [33mstroke[39m=[32m"currentColor"[39m
                  [33mstroke-linecap[39m=[32m"round"[39m
                  [33mstroke-linejoin[39m=[32m"round"[39m
                  [33mstroke-width[39m=[32m"2"[39m
                  [33mviewBox[39m=[32m"0 0 24 24"[39m
                  [33mwidth[39m=[32m"24"[39m
                  [33mxmlns[39m=[32m"http://www.w3.org/2000/svg"[39m
                [36m>[39m
                  [36m<rect[39m
                    [33mheight[39m=[32m"16"[39m
                    [33mrx[39m=[32m"2"[39m
                    [33mwidth[39m=[32m"20"[39m
                    [33mx[39m=[32m"2"[39m
                    [33my[39m=[32m"4"[39m
                  [36m/>[39m
                  [36m<path[39m
                    [33md[39m=[32m"m22 7-8.97 5.7a1.94 1.94 0 0 1-2.06 0L2 7"[39m
                  [36m/>[39m
                [36m</svg>[39m
                [36m<input[39m
                  [33mclass[39m=[32m"w-full pl-10 pr-4 py-3 border border-gray-300 rounded-lg focus:ring-2 focus:ring-blue-500 focus:border-transparent"[39m
                  [33mplaceholder[39m=[32m"Enter your email"[39m
                  [33mrequired[39m=[32m""[39m
                  [33mtype[39m=[32m"email"[39m
                  [33mvalue[39m=[32m""[39m
                [36m/>[39m
              [36m</div>[39m
            [36m</div>[39m
            [36m<div>[39m
              [36m<label[39m
                [33mclass[39m=[32m"block text-sm font-medium text-gray-700 mb-2"[39m
              [36m>[39m
                [0mPassword[0m
              [36m</label>[39m
              [36m<div[39m
                [33mclass[39m=[32m"relative"[39m
              [36m>[39m
                [36m<svg[39m
                  [33mclass[39m=[32m"absolute left-3 top-1/2 transform -translate-y-1/2 text-gray-400 w-5 h-5"[39m
                  [33mfill[39m=[32m"none"[39m
                  [33mheight[39m=[32m"24"[39m
                  [33mstroke[39m=[32m"currentColor"[39m
                  [33mstroke-linecap[39m=[32m"round"[39m
                  [33mstroke-linejoin[39m=[32m"round"[39m
                  [33mstroke-width[39m=[32m"2"[39m
                  [33mviewBox[39m=[32m"0 0 24 24"[39m
                  [33mwidth[39m=[32m"24"[39m
                  [33mxmlns[39m=[32m"http://www.w3.org/2000/svg"[39m
                [36m>[39m
                  [36m<rect[39m
                    [33mheight[39m=[32m"11"[39m
                    [33mrx[39m=[32m"2"[39m
                    [33mry[39m=[32m"2"[39m
                    [33mwidth[39m=[32m"18"[39m
                    [33mx[39m=[32m"3"[39m
                    [33my[39m=[32m"11"[39m
                  [36m/>[39m
                  [36m<path[39m
                    [33md[39m=[32m"M7 11V7a5 5 0 0 1 10 0v4"[39m
                  [36m/>[39m
                [36m</svg>[39m
                [36m<input[39m
                  [33mclass[39m=[32m"w-full pl-10 pr-12 py-3 border border-gray-300 rounded-lg focus:ring-2 focus:ring-blue-500 focus:border-transparent"[39m
                  [33mplaceholder[39m=[32m"Enter your password"[39m
                  [33mrequired[39m=[32m""[39m
                  [33mtype[39m=[32m"password"[39m
                  [33mvalue[39m=[32m""[39m
                [36m/>[39m
                [36m<button[39m
                  [33mclass[39m=[32m"absolute right-3 top-1/2 transform -translate-y-1/2 text-gray-400 hover:text-gray-600"[39m
                  [33mtype[39m=[32m"button"[39m
                [36m>[39m
                  [36m<svg[39m
                    [33mclass[39m=[32m"w-5 h-5"[39m
                    [33mfill[39m=[32m"none"[39m
                    [33mheight[39m=[32m"24"[39m
                    [33mstroke[39m=[32m"currentColor"[39m
                    [33mstroke-linecap[39m=[32m"round"[39m
                    [33mstroke-linejoin[39m=[32m"round"[39m
                    [33mstroke-width[39m=[32m"2"[39m
                    [33mviewBox[39m=[32m"0 0 24 24"[39m
                    [33mwidth[39m=[32m"24"[39m
                    [33mxmlns[39m=[32m"http://www.w3.org/2000/svg"[39m
                  [36m>[39m
                    [36m<path[39m
                      [33md[39m=[32m"M2 12s3-7 10-7 10 7 10 7-3 7-10 7-10-7-10-7Z"[39m
                    [36m/>[39m
                    [36m<circle[39m
                      [33mcx[39m=[32m"12"[39m
                      [33mcy[39m=[32m"12"[39m
                      [33mr[39m=[32m"3"[39m
                    [36m/>[39m
                  [36m</svg>[39m
                [36m</button>[39m
              [36m</div>[39m
            [36m</div>[39m
            [36m<button[39m
              [33mclass[39m=[32m"w-full maya-gradient text-white py-3 rounded-lg font-medium hover:shadow-lg transition-all duration-200 disabled:opacity-50 disabled:cursor-not-allowed"[39m
              [33mtabindex[39m=[32m"0"[39m
              [33mtype[39m=[32m"submit"[39m
            [36m>[39m
              [0mSign In[0m
            [36m</button>[39m
          [36m</form>[39m
          [36m<div[39m
            [33mclass[39m=[32m"mt-6 text-center"[39m
          [36m>[39m
            [36m<p[39m
              [33mclass[39m=[32m"text-gray-600"[39m
            [36m>[39m
              [0mDon't have an account?[0m
              [0m [0m
              [36m<button[39m
                [33mclass[39m=[32m"text-blue-600 hover:text-blue-700 font-medium"[39m
              [36m>[39m
                [0mSign up[0m
              [36m</button>[39m
            [36m</p>[39m
          [36m</div>[39m
        [36m</div>[39m
      [36m</div>[39m
    [36m</div>[39m
  [36m</div>[39m
[36m</body>[39m
   × App Component > renders login form when user is not authenticated 2778ms
     → Unable to find role="form"

Ignored nodes: comments, script, style
[36m<body>[39m
  [36m<div>[39m
    [36m<div[39m
      [33mclass[39m=[32m"min-h-screen bg-gradient-to-br from-blue-50 via-indigo-50 to-purple-50 flex items-center justify-center p-4"[39m
    [36m>[39m
      [36m<div[39m
        [33mclass[39m=[32m"w-full max-w-md"[39m
      [36m>[39m
        [36m<div[39m
          [33mclass[39m=[32m"bg-white rounded-2xl p-8 shadow-xl max-w-md w-full"[39m
          [33mstyle[39m=[32m"opacity: 1; transform: none;"[39m
        [36m>[39m
          [36m<div[39m
            [33mclass[39m=[32m"text-center mb-8"[39m
          [36m>[39m
            [36m<h2[39m
              [33mclass[39m=[32m"text-3xl font-bold maya-text mb-2"[39m
            [36m>[39m
              [0mWelcome Back[0m
            [36m</h2>[39m
            [36m<p[39m
              [33mclass[39m=[32m"text-gray-600"[39m
            [36m>[39m
              [0mSign in to your Maya Trips account[0m
            [36m</p>[39m
            [36m<div[39m
              [33mclass[39m=[32m"mt-4 bg-blue-50 border border-blue-200 rounded-lg p-3"[39m
            [36m>[39m
              [36m<p[39m
                [33mclass[39m=[32m"text-sm text-blue-800 font-medium"[39m
              [36m>[39m
                [0m🎭 Demo Mode[0m
              [36m</p>[39m
              [36m<p[39m
                [33mclass[39m=[32m"text-xs text-blue-600 mt-1"[39m
              [36m>[39m
                [0mEmail: [0m
                [36m<code[39m
                  [33mclass[39m=[32m"bg-blue-100 px-2 py-0.5 rounded"[39m
                [36m>[39m
                  [0mdemo@mayatrips.com[0m
                [36m</code>[39m
              [36m</p>[39m
              [36m<p[39m
                [33mclass[39m=[32m"text-xs text-blue-600"[39m
              [36m>[39m
                [0mPassword: [0m
                [36m<code[39m
                  [33mclass[39m=[32m"bg-blue-100 px-2 py-0.5 rounded"[39m
                [36m>[39m
                  [0mdemo123[0m
                [36m</code>[39m
              [36m</p>[39m
            [36m</div>[39m
          [36m</div>[39m
          [36m<form[39m
            [33mclass[39m=[32m"space-y-6"[39m
          [36m>[39m
            [36m<div>[39m
              [36m<label[39m
                [33mclass[39m=[32m"block text-sm font-medium text-gray-700 mb-2"[39m
              [36m>[39m
                [0mEmail Address[0m
              [36m</label>[39m
              [36m<div[39m
                [33mclass[39m=[32m"relative"[39m
              [36m>[39m
                [36m<svg[39m
                  [33mclass[39m=[32m"absolute left-3 top-1/2 transform -translate-y-1/2 text-gray-400 w-5 h-5"[39m
                  [33mfill[39m=[32m"none"[39m
                  [33mheight[39m=[32m"24"[39m
                  [33mstroke[39m=[32m"currentColor"[39m
                  [33mstroke-linecap[39m=[32m"round"[39m
                  [33mstroke-linejoin[39m=[32m"round"[39m
                  [33mstroke-width[39m=[32m"2"[39m
                  [33mviewBox[39m=[32m"0 0 24 24"[39m
                  [33mwidth[39m=[32m"24"[39m
                  [33mxmlns[39m=[32m"http://www.w3.org/2000/svg"[39m
                [36m>[39m
                  [36m<rect[39m
                    [33mheight[39m=[32m"16"[39m
                    [33mrx[39m=[32m"2"[39m
                    [33mwidth[39m=[32m"20"[39m
                    [33mx[39m=[32m"2"[39m
                    [33my[39m=[32m"4"[39m
                  [36m/>[39m
                  [36m<path[39m
                    [33md[39m=[32m"m22 7-8.97 5.7a1.94 1.94 0 0 1-2.06 0L2 7"[39m
                  [36m/>[39m
                [36m</svg>[39m
                [36m<input[39m
                  [33mclass[39m=[32m"w-full pl-10 pr-4 py-3 border border-gray-300 rounded-lg focus:ring-2 focus:ring-blue-500 focus:border-transparent"[39m
                  [33mplaceholder[39m=[32m"Enter your email"[39m
                  [33mrequired[39m=[32m""[39m
                  [33mtype[39m=[32m"email"[39m
                  [33mvalue[39m=[32m""[39m
                [36m/>[39m
              [36m</div>[39m
            [36m</div>[39m
            [36m<div>[39m
              [36m<label[39m
                [33mclass[39m=[32m"block text-sm font-medium text-gray-700 mb-2"[39m
              [36m>[39m
                [0mPassword[0m
              [36m</label>[39m
              [36m<div[39m
                [33mclass[39m=[32m"relative"[39m
              [36m>[39m
                [36m<svg[39m
                  [33mclass[39m=[32m"absolute left-3 top-1/2 transform -translate-y-1/2 text-gray-400 w-5 h-5"[39m
                  [33mfill[39m=[32m"none"[39m
                  [33mheight[39m=[32m"24"[39m
                  [33mstroke[39m=[32m"currentColor"[39m
                  [33mstroke-linecap[39m=[32m"round"[39m
                  [33mstroke-linejoin[39m=[32m"round"[39m
                  [33mstroke-width[39m=[32m"2"[39m
                  [33mviewBox[39m=[32m"0 0 24 24"[39m
                  [33mwidth[39m=[32m"24"[39m
                  [33mxmlns[39m=[32m"http://www.w3.org/2000/svg"[39m
                [36m>[39m
                  [36m<rect[39m
                    [33mheight[39m=[32m"11"[39m
                    [33mrx[39m=[32m"2"[39m
                    [33mry[39m=[32m"2"[39m
                    [33mwidth[39m=[32m"18"[39m
                    [33mx[39m=[32m"3"[39m
                    [33my[39m=[32m"11"[39m
                  [36m/>[39m
                  [36m<path[39m
                    [33md[39m=[32m"M7 11V7a5 5 0 0 1 10 0v4"[39m
                  [36m/>[39m
                [36m</svg>[39m
                [36m<input[39m
                  [33mclass[39m=[32m"w-full pl-10 pr-12 py-3 border border-gray-300 rounded-lg focus:ring-2 focus:ring-blue-500 focus:border-transparent"[39m
                  [33mplaceholder[39m=[32m"Enter your password"[39m
                  [33mrequired[39m=[32m""[39m
                  [33mtype[39m=[32m"password"[39m
                  [33mvalue[39m=[32m""[39m
                [36m/>[39m
                [36m<button[39m
                  [33mclass[39m=[32m"absolute right-3 top-1/2 transform -translate-y-1/2 text-gray-400 hover:text-gray-600"[39m
                  [33mtype[39m=[32m"button"[39m
                [36m>[39m
                  [36m<svg[39m
                    [33mclass[39m=[32m"w-5 h-5"[39m
                    [33mfill[39m=[32m"none"[39m
                    [33mheight[39m=[32m"24"[39m
                    [33mstroke[39m=[32m"currentColor"[39m
                    [33mstroke-linecap[39m=[32m"round"[39m
                    [33mstroke-linejoin[39m=[32m"round"[39m
                    [33mstroke-width[39m=[32m"2"[39m
                    [33mviewBox[39m=[32m"0 0 24 24"[39m
                    [33mwidth[39m=[32m"24"[39m
                    [33mxmlns[39m=[32m"http://www.w3.org/2000/svg"[39m
                  [36m>[39m
                    [36m<path[39m
                      [33md[39m=[32m"M2 12s3-7 10-7 10 7 10 7-3 7-10 7-10-7-10-7Z"[39m
                    [36m/>[39m
                    [36m<circle[39m
                      [33mcx[39m=[32m"12"[39m
                      [33mcy[39m=[32m"12"[39m
                      [33mr[39m=[32m"3"[39m
                    [36m/>[39m
                  [36m</svg>[39m
                [36m</button>[39m
              [36m</div>[39m
            [36m</div>[39m
            [36m<button[39m
              [33mclass[39m=[32m"w-full maya-gradient text-white py-3 rounded-lg font-medium hover:shadow-lg transition-all duration-200 disabled:opacity-50 disabled:cursor-not-allowed"[39m
              [33mtabindex[39m=[32m"0"[39m
              [33mtype[39m=[32m"submit"[39m
            [36m>[39m
              [0mSign In[0m
            [36m</button>[39m
          [36m</form>[39m
          [36m<div[39m
            [33mclass[39m=[32m"mt-6 text-center"[39m
          [36m>[39m
            [36m<p[39m
              [33mclass[39m=[32m"text-gray-600"[39m
            [36m>[39m
              [0mDon't have an account?[0m
              [0m [0m
              [36m<button[39m
                [33mclass[39m=[32m"text-blue-600 hover:text-blue-700 font-medium"[39m
              [36m>[39m
                [0mSign up[0m
              [36m</button>[39m
            [36m</p>[39m
          [36m</div>[39m
        [36m</div>[39m
      [36m</div>[39m
    [36m</div>[39m
  [36m</div>[39m
[36m</body>[39m

Ignored nodes: comments, script, style
[36m<html>[39m
  [36m<head />[39m
  [36m<body>[39m
    [36m<div>[39m
      [36m<div[39m
        [33mclass[39m=[32m"min-h-screen bg-gradient-to-br from-blue-50 via-indigo-50 to-purple-50 flex items-center justify-center p-4"[39m
      [36m>[39m
        [36m<div[39m
          [33mclass[39m=[32m"w-full max-w-md"[39m
        [36m>[39m
          [36m<div[39m
            [33mclass[39m=[32m"bg-white rounded-2xl p-8 shadow-xl max-w-md w-full"[39m
            [33mstyle[39m=[32m"opacity: 1; transform: none;"[39m
          [36m>[39m
            [36m<div[39m
              [33mclass[39m=[32m"text-center mb-8"[39m
            [36m>[39m
              [36m<h2[39m
                [33mclass[39m=[32m"text-3xl font-bold maya-text mb-2"[39m
              [36m>[39m
                [0mWelcome Back[0m
              [36m</h2>[39m
              [36m<p[39m
                [33mclass[39m=[32m"text-gray-600"[39m
              [36m>[39m
                [0mSign in to your Maya Trips account[0m
              [36m</p>[39m
              [36m<div[39m
                [33mclass[39m=[32m"mt-4 bg-blue-50 border border-blue-200 rounded-lg p-3"[39m
              [36m>[39m
                [36m<p[39m
                  [33mclass[39m=[32m"text-sm text-blue-800 font-medium"[39m
                [36m>[39m
                  [0m🎭 Demo Mode[0m
                [36m</p>[39m
                [36m<p[39m
                  [33mclass[39m=[32m"text-xs text-blue-600 mt-1"[39m
                [36m>[39m
                  [0mEmail: [0m
                  [36m<code[39m
                    [33mclass[39m=[32m"bg-blue-100 px-2 py-0.5 rounded"[39m
                  [36m>[39m
                    [0mdemo@mayatrips.com[0m
                  [36m</code>[39m
                [36m</p>[39m
                [36m<p[39m
                  [33mclass[39m=[32m"text-xs text-blue-600"[39m
                [36m>[39m
                  [0mPassword: [0m
                  [36m<code[39m
                    [33mclass[39m=[32m"bg-blue-100 px-2 py-0.5 rounded"[39m
                  [36m>[39m
                    [0mdemo123[0m
                  [36m</code>[39m
                [36m</p>[39m
              [36m</div>[39m
            [36m</div>[39m
            [36m<form[39m
              [33mclass[39m=[32m"space-y-6"[39m
            [36m>[39m
              [36m<div>[39m
                [36m<label[39m
                  [33mclass[39m=[32m"block text-sm font-medium text-gray-700 mb-2"[39m
                [36m>[39m
                  [0mEmail Address[0m
                [36m</label>[39m
                [36m<div[39m
                  [33mclass[39m=[32m"relative"[39m
                [36m>[39m
                  [36m<svg[39m
                    [33mclass[39m=[32m"absolute left-3 top-1/2 transform -translate-y-1/2 text-gray-400 w-5 h-5"[39m
                    [33mfill[39m=[32m"none"[39m
                    [33mheight[39m=[32m"24"[39m
                    [33mstroke[39m=[32m"currentColor"[39m
                    [33mstroke-linecap[39m=[32m"round"[39m
                    [33mstroke-linejoin[39m=[32m"round"[39m
                    [33mstroke-width[39m=[32m"2"[39m
                    [33mviewBox[39m=[32m"0 0 24 24"[39m
                    [33mwidth[39m=[32m"24"[39m
                    [33mxmlns[39m=[32m"http://www.w3.org/2000/svg"[39m
                  [36m>[39m
                    [36m<rect[39m
                      [33mheight[39m=[32m"16"[39m
                      [33mrx[39m=[32m"2"[39m
                      [33mwidth[39m=[32m"20"[39m
                      [33mx[39m=[32m"2"[39m
                      [33my[39m=[32m"4"[39m
                    [36m/>[39m
                    [36m<path[39m
                      [33md[39m=[32m"m22 7-8.97 5.7a1.94 1.94 0 0 1-2.06 0L2 7"[39m
                    [36m/>[39m
                  [36m</svg>[39m
                  [36m<input[39m
                    [33mclass[39m=[32m"w-full pl-10 pr-4 py-3 border border-gray-300 rounded-lg focus:ring-2 focus:ring-blue-500 focus:border-transparent"[39m
                    [33mplaceholder[39m=[32m"Enter your email"[39m
                    [33mrequired[39m=[32m""[39m
                    [33mtype[39m=[32m"email"[39m
                    [33mvalue[39m=[32m""[39m
                  [36m/>[39m
                [36m</div>[39m
              [36m</div>[39m
              [36m<div>[39m
                [36m<label[39m
                  [33mclass[39m=[32m"block text-sm font-medium text-gray-700 mb-2"[39m
                [36m>[39m
                  [0mPassword[0m
                [36m</label>[39m
                [36m<div[39m
                  [33mclass[39m=[32m"relative"[39m
                [36m>[39m
                  [36m<svg[39m
                    [33mclass[39m=[32m"absolute left-3 top-1/2 transform -translate-y-1/2 text-gray-400 w-5 h-5"[39m
                    [33mfill[39m=[32m"none"[39m
                    [33mheight[39m=[32m"24"[39m
                    [33mstroke[39m=[32m"currentColor"[39m
                    [33mstroke-linecap[39m=[32m"round"[39m
                    [33mstroke-linejoin[39m=[32m"round"[39m
                    [33mstroke-width[39m=[32m"2"[39m
                    [33mviewBox[39m=[32m"0 0 24 24"[39m
                    [33mwidth[39m=[32m"24"[39m
                    [33mxmlns[39m=[32m"http://www.w3.org/2000/svg"[39m
                  [36m>[39m
                    [36m<rect[39m
                      [33mheight[39m=[32m"11"[39m
                      [33mrx[39m=[32m"2"[39m
                      [33mry[39m=[32m"2"[39m
                      [33mwidth[39m=[32m"18"[39m
                      [33mx[39m=[32m"3"[39m
                      [33my[39m=[32m"11"[39m
                    [36m/>[39m
                    [36m<path[39m
                      [33md[39m=[32m"M7 11V7a5 5 0 0 1 10 0v4"[39m
                    [36m/>[39m
                  [36m</svg>[39m
                  [36m<input[39m
                    [33mclass[39m=[32m"w-full pl-10 pr-12 py-3 border border-gray-300 rounded-lg focus:ring-2 focus:ring-blue-500 focus:border-transparent"[39m
                    [33mplaceholder[39m=[32m"Enter your password"[39m
                    [33mrequired[39m=[32m""[39m
                    [33mtype[39m=[32m"password"[39m
                    [33mvalue[39m=[32m""[39m
                  [36m/>[39m
                  [36m<button[39m
                    [33mclass[39m=[32m"absolute right-3 top-1/2 transform -translate-y-1/2 text-gray-400 hover:text-gray-600"[39m
                    [33mtype[39m=[32m"button"[39m
                  [36m>[39m
                    [36m<svg[39m
                      [33mclass[39m=[32m"w-5 h-5"[39m
                      [33mfill[39m=[32m"none"[39m
                      [33mheight[39m=[32m"24"[39m
                      [33mstroke[39m=[32m"currentColor"[39m
                      [33mstroke-linecap[39m=[32m"round"[39m
                      [33mstroke-linejoin[39m=[32m"round"[39m
                      [33mstroke-width[39m=[32m"2"[39m
                      [33mviewBox[39m=[32m"0 0 24 24"[39m
                      [33mwidth[39m=[32m"24"[39m
                      [33mxmlns[39m=[32m"http://www.w3.org/2000/svg"[39m
                    [36m>[39m
                      [36m<path[39m
                        [33md[39m=[32m"M2 12s3-7 10-7 10 7 10 7-3 7-10 7-10-7-10-7Z"[39m
                      [36m/>[39m
                      [36m<circle[39m
                        [33mcx[39m=[32m"12"[39m
                        [33mcy[39m=[32m"12"[39m
                        [33mr[39m=[32m"3"[39m
                      [36m/>[39m
                    [36m</svg>[39m
                  [36m</button>[39m
                [36m</div>[39m
              [36m</div>[39m
              [36m<button[39m
                [33mclass[39m=[32m"w-full maya-gradient text-white py-3 rounded-lg font-medium hover:shadow-lg transition-all duration-200 disabled:opacity-50 disabled:cursor-not-allowed"[39m
                [33mtabindex[39m=[32m"0"[39m
                [33mtype[39m=[32m"submit"[39m
              [36m>[39m
                [0mSign In[0m
              [36m</button>[39m
            [36m</form>[39m
            [36m<div[39m
              [33mclass[39m=[32m"mt-6 text-center"[39m
            [36m>[39m
              [36m<p[39m
                [33mclass[39m=[32m"text-gray-600"[39m
              [36m>[39m
                [0mDon't have an account?[0m
                [0m [0m
                [36m<button[39m
                  [33mclass[39m=[32m"text-blue-600 hover:text-blue-700 font-medium"[39m
                [36m>[39m
                  [0mSign up[0m
                [36m</button>[39m
              [36m</p>[39m
            [36m</div>[39m
          [36m</div>[39m
        [36m</div>[39m
      [36m</div>[39m
    [36m</div>[39m
  [36m</body>[39m
[36m</html>[39m
   × App Component > displays Maya Trips branding 662ms
     → Unable to find an element with the text: Maya Trips. This could be because the text is broken up by multiple elements. In this case, you can provide a function for your text matcher to make your matcher more flexible.

Ignored nodes: comments, script, style
[36m<body>[39m
  [36m<div>[39m
    [36m<div[39m
      [33mclass[39m=[32m"min-h-screen bg-gradient-to-br from-blue-50 via-indigo-50 to-purple-50 flex items-center justify-center p-4"[39m
    [36m>[39m
      [36m<div[39m
        [33mclass[39m=[32m"w-full max-w-md"[39m
      [36m>[39m
        [36m<div[39m
          [33mclass[39m=[32m"bg-white rounded-2xl p-8 shadow-xl max-w-md w-full"[39m
          [33mstyle[39m=[32m"opacity: 0; transform: translateY(20px) translateZ(0);"[39m
        [36m>[39m
          [36m<div[39m
            [33mclass[39m=[32m"text-center mb-8"[39m
          [36m>[39m
            [36m<h2[39m
              [33mclass[39m=[32m"text-3xl font-bold maya-text mb-2"[39m
            [36m>[39m
              [0mWelcome Back[0m
            [36m</h2>[39m
            [36m<p[39m
              [33mclass[39m=[32m"text-gray-600"[39m
            [36m>[39m
              [0mSign in to your Maya Trips account[0m
            [36m</p>[39m
            [36m<div[39m
              [33mclass[39m=[32m"mt-4 bg-blue-50 border border-blue-200 rounded-lg p-3"[39m
            [36m>[39m
              [36m<p[39m
                [33mclass[39m=[32m"text-sm text-blue-800 font-medium"[39m
              [36m>[39m
                [0m🎭 Demo Mode[0m
              [36m</p>[39m
              [36m<p[39m
                [33mclass[39m=[32m"text-xs text-blue-600 mt-1"[39m
              [36m>[39m
                [0mEmail: [0m
                [36m<code[39m
                  [33mclass[39m=[32m"bg-blue-100 px-2 py-0.5 rounded"[39m
                [36m>[39m
                  [0mdemo@mayatrips.com[0m
                [36m</code>[39m
              [36m</p>[39m
              [36m<p[39m
                [33mclass[39m=[32m"text-xs text-blue-600"[39m
              [36m>[39m
                [0mPassword: [0m
                [36m<code[39m
                  [33mclass[39m=[32m"bg-blue-100 px-2 py-0.5 rounded"[39m
                [36m>[39m
                  [0mdemo123[0m
                [36m</code>[39m
              [36m</p>[39m
            [36m</div>[39m
          [36m</div>[39m
          [36m<form[39m
            [33mclass[39m=[32m"space-y-6"[39m
          [36m>[39m
            [36m<div>[39m
              [36m<label[39m
                [33mclass[39m=[32m"block text-sm font-medium text-gray-700 mb-2"[39m
              [36m>[39m
                [0mEmail Address[0m
              [36m</label>[39m
              [36m<div[39m
                [33mclass[39m=[32m"relative"[39m
              [36m>[39m
                [36m<svg[39m
                  [33mclass[39m=[32m"absolute left-3 top-1/2 transform -translate-y-1/2 text-gray-400 w-5 h-5"[39m
                  [33mfill[39m=[32m"none"[39m
                  [33mheight[39m=[32m"24"[39m
                  [33mstroke[39m=[32m"currentColor"[39m
                  [33mstroke-linecap[39m=[32m"round"[39m
                  [33mstroke-linejoin[39m=[32m"round"[39m
                  [33mstroke-width[39m=[32m"2"[39m
                  [33mviewBox[39m=[32m"0 0 24 24"[39m
                  [33mwidth[39m=[32m"24"[39m
                  [33mxmlns[39m=[32m"http://www.w3.org/2000/svg"[39m
                [36m>[39m
                  [36m<rect[39m
                    [33mheight[39m=[32m"16"[39m
                    [33mrx[39m=[32m"2"[39m
                    [33mwidth[39m=[32m"20"[39m
                    [33mx[39m=[32m"2"[39m
                    [33my[39m=[32m"4"[39m
                  [36m/>[39m
                  [36m<path[39m
                    [33md[39m=[32m"m22 7-8.97 5.7a1.94 1.94 0 0 1-2.06 0L2 7"[39m
                  [36m/>[39m
                [36m</svg>[39m
                [36m<input[39m
                  [33mclass[39m=[32m"w-full pl-10 pr-4 py-3 border border-gray-300 rounded-lg focus:ring-2 focus:ring-blue-500 focus:border-transparent"[39m
                  [33mplaceholder[39m=[32m"Enter your email"[39m
                  [33mrequired[39m=[32m""[39m
                  [33mtype[39m=[32m"email"[39m
                  [33mvalue[39m=[32m""[39m
                [36m/>[39m
              [36m</div>[39m
            [36m</div>[39m
            [36m<div>[39m
              [36m<label[39m
                [33mclass[39m=[32m"block text-sm font-medium text-gray-700 mb-2"[39m
              [36m>[39m
                [0mPassword[0m
              [36m</label>[39m
              [36m<div[39m
                [33mclass[39m=[32m"relative"[39m
              [36m>[39m
                [36m<svg[39m
                  [33mclass[39m=[32m"absolute left-3 top-1/2 transform -translate-y-1/2 text-gray-400 w-5 h-5"[39m
                  [33mfill[39m=[32m"none"[39m
                  [33mheight[39m=[32m"24"[39m
                  [33mstroke[39m=[32m"currentColor"[39m
                  [33mstroke-linecap[39m=[32m"round"[39m
                  [33mstroke-linejoin[39m=[32m"round"[39m
                  [33mstroke-width[39m=[32m"2"[39m
                  [33mviewBox[39m=[32m"0 0 24 24"[39m
                  [33mwidth[39m=[32m"24"[39m
                  [33mxmlns[39m=[32m"http://www.w3.org/2000/svg"[39m
                [36m>[39m
                  [36m<rect[39m
                    [33mheight[39m=[32m"11"[39m
                    [33mrx[39m=[32m"2"[39m
                    [33mry[39m=[32m"2"[39m
                    [33mwidth[39m=[32m"18"[39m
                    [33mx[39m=[32m"3"[39m
                    [33my[39m=[32m"11"[39m
                  [36m/>[39m
                  [36m<path[39m
                    [33md[39m=[32m"M7 11V7a5 5 0 0 1 10 0v4"[39m
                  [36m/>[39m
                [36m</svg>[39m
                [36m<input[39m
                  [33mclass[39m=[32m"w-full pl-10 pr-12 py-3 border border-gray-300 rounded-lg focus:ring-2 focus:ring-blue-500 focus:border-transparent"[39m
                  [33mplaceholder[39m=[32m"Enter your password"[39m
                  [33mrequired[39m=[32m""[39m
                  [33mtype[39m=[32m"password"[39m
                  [33mvalue[39m=[32m""[39m
                [36m/>[39m
                [36m<button[39m
                  [33mclass[39m=[32m"absolute right-3 top-1/2 transform -translate-y-1/2 text-gray-400 hover:text-gray-600"[39m
                  [33mtype[39m=[32m"button"[39m
                [36m>[39m
                  [36m<svg[39m
                    [33mclass[39m=[32m"w-5 h-5"[39m
                    [33mfill[39m=[32m"none"[39m
                    [33mheight[39m=[32m"24"[39m
                    [33mstroke[39m=[32m"currentColor"[39m
                    [33mstroke-linecap[39m=[32m"round"[39m
                    [33mstroke-linejoin[39m=[32m"round"[39m
                    [33mstroke-width[39m=[32m"2"[39m
                    [33mviewBox[39m=[32m"0 0 24 24"[39m
                    [33mwidth[39m=[32m"24"[39m
                    [33mxmlns[39m=[32m"http://www.w3.org/2000/svg"[39m
                  [36m>[39m
                    [36m<path[39m
                      [33md[39m=[32m"M2 12s3-7 10-7 10 7 10 7-3 7-10 7-10-7-10-7Z"[39m
                    [36m/>[39m
                    [36m<circle[39m
                      [33mcx[39m=[32m"12"[39m
                      [33mcy[39m=[32m"12"[39m
                      [33mr[39m=[32m"3"[39m
                    [36m/>[39m
                  [36m</svg>[39m
                [36m</button>[39m
              [36m</div>[39m
            [36m</div>[39m
            [36m<button[39m
              [33mclass[39m=[32m"w-full maya-gradient text-white py-3 rounded-lg font-medium hover:shadow-lg transition-all duration-200 disabled:opacity-50 disabled:cursor-not-allowed"[39m
              [33mtabindex[39m=[32m"0"[39m
              [33mtype[39m=[32m"submit"[39m
            [36m>[39m
              [0mSign In[0m
            [36m</button>[39m
          [36m</form>[39m
          [36m<div[39m
            [33mclass[39m=[32m"mt-6 text-center"[39m
          [36m>[39m
            [36m<p[39m
              [33mclass[39m=[32m"text-gray-600"[39m
            [36m>[39m
              [0mDon't have an account?[0m
              [0m [0m
              [36m<button[39m
                [33mclass[39m=[32m"text-blue-600 hover:text-blue-700 font-medium"[39m
              [36m>[39m
                [0mSign up[0m
              [36m</button>[39m
            [36m</p>[39m
          [36m</div>[39m
        [36m</div>[39m
      [36m</div>[39m
    [36m</div>[39m
  [36m</div>[39m
[36m</body>[39m
 ❯ tests/e2e/auth.spec.ts (0 test)
 ❯ tests/e2e/navigation.spec.ts (0 test)

⎯⎯⎯⎯⎯⎯ Failed Suites 2 ⎯⎯⎯⎯⎯⎯⎯

 FAIL  tests/e2e/auth.spec.ts [ tests/e2e/auth.spec.ts ]
Error: Playwright Test did not expect test.describe() to be called here.
Most common reasons include:
- You are calling test.describe() in a configuration file.
- You are calling test.describe() in a file that is imported by the configuration file.
- You have two different versions of @playwright/test. This usually happens
  when one of the dependencies in your package.json depends on @playwright/test.
 ❯ TestTypeImpl._currentSuite ../node_modules/playwright/lib/common/testType.js:74:13
 ❯ TestTypeImpl._describe ../node_modules/playwright/lib/common/testType.js:114:24
 ❯ Function.describe ../node_modules/playwright/lib/transform/transform.js:275:12
 ❯ tests/e2e/auth.spec.ts:3:6
      1| import { test, expect } from '@playwright/test'
      2| 
      3| test.describe('Authentication Flow', () => {
       |      ^
      4|   test('should display login form when not authenticated', async ({ pa…
      5|     await page.goto('/')

⎯⎯⎯⎯⎯⎯⎯⎯⎯⎯⎯⎯⎯⎯⎯⎯⎯⎯⎯⎯⎯⎯⎯⎯[1/5]⎯

 FAIL  tests/e2e/navigation.spec.ts [ tests/e2e/navigation.spec.ts ]
Error: Playwright Test did not expect test.describe() to be called here.
Most common reasons include:
- You are calling test.describe() in a configuration file.
- You are calling test.describe() in a file that is imported by the configuration file.
- You have two different versions of @playwright/test. This usually happens
  when one of the dependencies in your package.json depends on @playwright/test.
 ❯ TestTypeImpl._currentSuite ../node_modules/playwright/lib/common/testType.js:74:13
 ❯ TestTypeImpl._describe ../node_modules/playwright/lib/common/testType.js:114:24
 ❯ Function.describe ../node_modules/playwright/lib/transform/transform.js:275:12
 ❯ tests/e2e/navigation.spec.ts:3:6
      1| import { test, expect } from '@playwright/test'
      2| 
      3| test.describe('Navigation', () => {
       |      ^
      4|   test.beforeEach(async ({ page }) => {
      5|     // Mock authentication for these tests

⎯⎯⎯⎯⎯⎯⎯⎯⎯⎯⎯⎯⎯⎯⎯⎯⎯⎯⎯⎯⎯⎯⎯⎯[2/5]⎯

⎯⎯⎯⎯⎯⎯⎯ Failed Tests 3 ⎯⎯⎯⎯⎯⎯⎯

 FAIL  src/components/__tests__/App.test.tsx > App Component > renders loading state initially
TestingLibraryElementError: Unable to find an element with the text: Loading your travel assistant.... This could be because the text is broken up by multiple elements. In this case, you can provide a function for your text matcher to make your matcher more flexible.

Ignored nodes: comments, script, style
[36m<body>[39m
  [36m<div>[39m
    [36m<div[39m
      [33mclass[39m=[32m"min-h-screen bg-gradient-to-br from-blue-50 via-indigo-50 to-purple-50 flex items-center justify-center p-4"[39m
    [36m>[39m
      [36m<div[39m
        [33mclass[39m=[32m"w-full max-w-md"[39m
      [36m>[39m
        [36m<div[39m
          [33mclass[39m=[32m"bg-white rounded-2xl p-8 shadow-xl max-w-md w-full"[39m
          [33mstyle[39m=[32m"opacity: 0; transform: translateY(20px) translateZ(0);"[39m
        [36m>[39m
          [36m<div[39m
            [33mclass[39m=[32m"text-center mb-8"[39m
          [36m>[39m
            [36m<h2[39m
              [33mclass[39m=[32m"text-3xl font-bold maya-text mb-2"[39m
            [36m>[39m
              [0mWelcome Back[0m
            [36m</h2>[39m
            [36m<p[39m
              [33mclass[39m=[32m"text-gray-600"[39m
            [36m>[39m
              [0mSign in to your Maya Trips account[0m
            [36m</p>[39m
            [36m<div[39m
              [33mclass[39m=[32m"mt-4 bg-blue-50 border border-blue-200 rounded-lg p-3"[39m
            [36m>[39m
              [36m<p[39m
                [33mclass[39m=[32m"text-sm text-blue-800 font-medium"[39m
              [36m>[39m
                [0m🎭 Demo Mode[0m
              [36m</p>[39m
              [36m<p[39m
                [33mclass[39m=[32m"text-xs text-blue-600 mt-1"[39m
              [36m>[39m
                [0mEmail: [0m
                [36m<code[39m
                  [33mclass[39m=[32m"bg-blue-100 px-2 py-0.5 rounded"[39m
                [36m>[39m
                  [0mdemo@mayatrips.com[0m
                [36m</code>[39m
              [36m</p>[39m
              [36m<p[39m
                [33mclass[39m=[32m"text-xs text-blue-600"[39m
              [36m>[39m
                [0mPassword: [0m
                [36m<code[39m
                  [33mclass[39m=[32m"bg-blue-100 px-2 py-0.5 rounded"[39m
                [36m>[39m
                  [0mdemo123[0m
                [36m</code>[39m
              [36m</p>[39m
            [36m</div>[39m
          [36m</div>[39m
          [36m<form[39m
            [33mclass[39m=[32m"space-y-6"[39m
          [36m>[39m
            [36m<div>[39m
              [36m<label[39m
                [33mclass[39m=[32m"block text-sm font-medium text-gray-700 mb-2"[39m
              [36m>[39m
                [0mEmail Address[0m
              [36m</label>[39m
              [36m<div[39m
                [33mclass[39m=[32m"relative"[39m
              [36m>[39m
                [36m<svg[39m
                  [33mclass[39m=[32m"absolute left-3 top-1/2 transform -translate-y-1/2 text-gray-400 w-5 h-5"[39m
                  [33mfill[39m=[32m"none"[39m
                  [33mheight[39m=[32m"24"[39m
                  [33mstroke[39m=[32m"currentColor"[39m
                  [33mstroke-linecap[39m=[32m"round"[39m
                  [33mstroke-linejoin[39m=[32m"round"[39m
                  [33mstroke-width[39m=[32m"2"[39m
                  [33mviewBox[39m=[32m"0 0 24 24"[39m
                  [33mwidth[39m=[32m"24"[39m
                  [33mxmlns[39m=[32m"http://www.w3.org/2000/svg"[39m
                [36m>[39m
                  [36m<rect[39m
                    [33mheight[39m=[32m"16"[39m
                    [33mrx[39m=[32m"2"[39m
                    [33mwidth[39m=[32m"20"[39m
                    [33mx[39m=[32m"2"[39m
                    [33my[39m=[32m"4"[39m
                  [36m/>[39m
                  [36m<path[39m
                    [33md[39m=[32m"m22 7-8.97 5.7a1.94 1.94 0 0 1-2.06 0L2 7"[39m
                  [36m/>[39m
                [36m</svg>[39m
                [36m<input[39m
                  [33mclass[39m=[32m"w-full pl-10 pr-4 py-3 border border-gray-300 rounded-lg focus:ring-2 focus:ring-blue-500 focus:border-transparent"[39m
                  [33mplaceholder[39m=[32m"Enter your email"[39m
                  [33mrequired[39m=[32m""[39m
                  [33mtype[39m=[32m"email"[39m
                  [33mvalue[39m=[32m""[39m
                [36m/>[39m
              [36m</div>[39m
            [36m</div>[39m
            [36m<div>[39m
              [36m<label[39m
                [33mclass[39m=[32m"block text-sm font-medium text-gray-700 mb-2"[39m
              [36m>[39m
                [0mPassword[0m
              [36m</label>[39m
              [36m<div[39m
                [33mclass[39m=[32m"relative"[39m
              [36m>[39m
                [36m<svg[39m
                  [33mclass[39m=[32m"absolute left-3 top-1/2 transform -translate-y-1/2 text-gray-400 w-5 h-5"[39m
                  [33mfill[39m=[32m"none"[39m
                  [33mheight[39m=[32m"24"[39m
                  [33mstroke[39m=[32m"currentColor"[39m
                  [33mstroke-linecap[39m=[32m"round"[39m
                  [33mstroke-linejoin[39m=[32m"round"[39m
                  [33mstroke-width[39m=[32m"2"[39m
                  [33mviewBox[39m=[32m"0 0 24 24"[39m
                  [33mwidth[39m=[32m"24"[39m
                  [33mxmlns[39m=[32m"http://www.w3.org/2000/svg"[39m
                [36m>[39m
                  [36m<rect[39m
                    [33mheight[39m=[32m"11"[39m
                    [33mrx[39m=[32m"2"[39m
                    [33mry[39m=[32m"2"[39m
                    [33mwidth[39m=[32m"18"[39m
                    [33mx[39m=[32m"3"[39m
                    [33my[39m=[32m"11"[39m
                  [36m/>[39m
                  [36m<path[39m
                    [33md[39m=[32m"M7 11V7a5 5 0 0 1 10 0v4"[39m
                  [36m/>[39m
                [36m</svg>[39m
                [36m<input[39m
                  [33mclass[39m=[32m"w-full pl-10 pr-12 py-3 border border-gray-300 rounded-lg focus:ring-2 focus:ring-blue-500 focus:border-transparent"[39m
                  [33mplaceholder[39m=[32m"Enter your password"[39m
                  [33mrequired[39m=[32m""[39m
                  [33mtype[39m=[32m"password"[39m
                  [33mvalue[39m=[32m""[39m
                [36m/>[39m
                [36m<button[39m
                  [33mclass[39m=[32m"absolute right-3 top-1/2 transform -translate-y-1/2 text-gray-400 hover:text-gray-600"[39m
                  [33mtype[39m=[32m"button"[39m
                [36m>[39m
                  [36m<svg[39m
                    [33mclass[39m=[32m"w-5 h-5"[39m
                    [33mfill[39m=[32m"none"[39m
                    [33mheight[39m=[32m"24"[39m
                    [33mstroke[39m=[32m"currentColor"[39m
                    [33mstroke-linecap[39m=[32m"round"[39m
                    [33mstroke-linejoin[39m=[32m"round"[39m
                    [33mstroke-width[39m=[32m"2"[39m
                    [33mviewBox[39m=[32m"0 0 24 24"[39m
                    [33mwidth[39m=[32m"24"[39m
                    [33mxmlns[39m=[32m"http://www.w3.org/2000/svg"[39m
                  [36m>[39m
                    [36m<path[39m
                      [33md[39m=[32m"M2 12s3-7 10-7 10 7 10 7-3 7-10 7-10-7-10-7Z"[39m
                    [36m/>[39m
                    [36m<circle[39m
                      [33mcx[39m=[32m"12"[39m
                      [33mcy[39m=[32m"12"[39m
                      [33mr[39m=[32m"3"[39m
                    [36m/>[39m
                  [36m</svg>[39m
                [36m</button>[39m
              [36m</div>[39m
            [36m</div>[39m
            [36m<button[39m
              [33mclass[39m=[32m"w-full maya-gradient text-white py-3 rounded-lg font-medium hover:shadow-lg transition-all duration-200 disabled:opacity-50 disabled:cursor-not-allowed"[39m
              [33mtabindex[39m=[32m"0"[39m
              [33mtype[39m=[32m"submit"[39m
            [36m>[39m
              [0mSign In[0m
            [36m</button>[39m
          [36m</form>[39m
          [36m<div[39m
            [33mclass[39m=[32m"mt-6 text-center"[39m
          [36m>[39m
            [36m<p[39m
              [33mclass[39m=[32m"text-gray-600"[39m
            [36m>[39m
              [0mDon't have an account?[0m
              [0m [0m
              [36m<button[39m
                [33mclass[39m=[32m"text-blue-600 hover:text-blue-700 font-medium"[39m
              [36m>[39m
                [0mSign up[0m
              [36m</button>[39m
            [36m</p>[39m
          [36m</div>[39m
        [36m</div>[39m
      [36m</div>[39m
    [36m</div>[39m
  [36m</div>[39m
[36m</body>[39m
 ❯ Object.getElementError ../node_modules/@testing-library/react/node_modules/@testing-library/dom/dist/config.js:37:19
 ❯ ../node_modules/@testing-library/react/node_modules/@testing-library/dom/dist/query-helpers.js:76:38
 ❯ ../node_modules/@testing-library/react/node_modules/@testing-library/dom/dist/query-helpers.js:52:17
 ❯ ../node_modules/@testing-library/react/node_modules/@testing-library/dom/dist/query-helpers.js:95:19
 ❯ src/components/__tests__/App.test.tsx:14:19
     12|   it('renders loading state initially', () => {
     13|     render(<App />)
     14|     expect(screen.getByText('Loading your travel assistant...')).toBeI…
       |                   ^
     15|   })
     16| 

⎯⎯⎯⎯⎯⎯⎯⎯⎯⎯⎯⎯⎯⎯⎯⎯⎯⎯⎯⎯⎯⎯⎯⎯[3/5]⎯

 FAIL  src/components/__tests__/App.test.tsx > App Component > renders login form when user is not authenticated
TestingLibraryElementError: Unable to find role="form"

Ignored nodes: comments, script, style
[36m<body>[39m
  [36m<div>[39m
    [36m<div[39m
      [33mclass[39m=[32m"min-h-screen bg-gradient-to-br from-blue-50 via-indigo-50 to-purple-50 flex items-center justify-center p-4"[39m
    [36m>[39m
      [36m<div[39m
        [33mclass[39m=[32m"w-full max-w-md"[39m
      [36m>[39m
        [36m<div[39m
          [33mclass[39m=[32m"bg-white rounded-2xl p-8 shadow-xl max-w-md w-full"[39m
          [33mstyle[39m=[32m"opacity: 1; transform: none;"[39m
        [36m>[39m
          [36m<div[39m
            [33mclass[39m=[32m"text-center mb-8"[39m
          [36m>[39m
            [36m<h2[39m
              [33mclass[39m=[32m"text-3xl font-bold maya-text mb-2"[39m
            [36m>[39m
              [0mWelcome Back[0m
            [36m</h2>[39m
            [36m<p[39m
              [33mclass[39m=[32m"text-gray-600"[39m
            [36m>[39m
              [0mSign in to your Maya Trips account[0m
            [36m</p>[39m
            [36m<div[39m
              [33mclass[39m=[32m"mt-4 bg-blue-50 border border-blue-200 rounded-lg p-3"[39m
            [36m>[39m
              [36m<p[39m
                [33mclass[39m=[32m"text-sm text-blue-800 font-medium"[39m
              [36m>[39m
                [0m🎭 Demo Mode[0m
              [36m</p>[39m
              [36m<p[39m
                [33mclass[39m=[32m"text-xs text-blue-600 mt-1"[39m
              [36m>[39m
                [0mEmail: [0m
                [36m<code[39m
                  [33mclass[39m=[32m"bg-blue-100 px-2 py-0.5 rounded"[39m
                [36m>[39m
                  [0mdemo@mayatrips.com[0m
                [36m</code>[39m
              [36m</p>[39m
              [36m<p[39m
                [33mclass[39m=[32m"text-xs text-blue-600"[39m
              [36m>[39m
                [0mPassword: [0m
                [36m<code[39m
                  [33mclass[39m=[32m"bg-blue-100 px-2 py-0.5 rounded"[39m
                [36m>[39m
                  [0mdemo123[0m
                [36m</code>[39m
              [36m</p>[39m
            [36m</div>[39m
          [36m</div>[39m
          [36m<form[39m
            [33mclass[39m=[32m"space-y-6"[39m
          [36m>[39m
            [36m<div>[39m
              [36m<label[39m
                [33mclass[39m=[32m"block text-sm font-medium text-gray-700 mb-2"[39m
              [36m>[39m
                [0mEmail Address[0m
              [36m</label>[39m
              [36m<div[39m
                [33mclass[39m=[32m"relative"[39m
              [36m>[39m
                [36m<svg[39m
                  [33mclass[39m=[32m"absolute left-3 top-1/2 transform -translate-y-1/2 text-gray-400 w-5 h-5"[39m
                  [33mfill[39m=[32m"none"[39m
                  [33mheight[39m=[32m"24"[39m
                  [33mstroke[39m=[32m"currentColor"[39m
                  [33mstroke-linecap[39m=[32m"round"[39m
                  [33mstroke-linejoin[39m=[32m"round"[39m
                  [33mstroke-width[39m=[32m"2"[39m
                  [33mviewBox[39m=[32m"0 0 24 24"[39m
                  [33mwidth[39m=[32m"24"[39m
                  [33mxmlns[39m=[32m"http://www.w3.org/2000/svg"[39m
                [36m>[39m
                  [36m<rect[39m
                    [33mheight[39m=[32m"16"[39m
                    [33mrx[39m=[32m"2"[39m
                    [33mwidth[39m=[32m"20"[39m
                    [33mx[39m=[32m"2"[39m
                    [33my[39m=[32m"4"[39m
                  [36m/>[39m
                  [36m<path[39m
                    [33md[39m=[32m"m22 7-8.97 5.7a1.94 1.94 0 0 1-2.06 0L2 7"[39m
                  [36m/>[39m
                [36m</svg>[39m
                [36m<input[39m
                  [33mclass[39m=[32m"w-full pl-10 pr-4 py-3 border border-gray-300 rounded-lg focus:ring-2 focus:ring-blue-500 focus:border-transparent"[39m
                  [33mplaceholder[39m=[32m"Enter your email"[39m
                  [33mrequired[39m=[32m""[39m
                  [33mtype[39m=[32m"email"[39m
                  [33mvalue[39m=[32m""[39m
                [36m/>[39m
              [36m</div>[39m
            [36m</div>[39m
            [36m<div>[39m
              [36m<label[39m
                [33mclass[39m=[32m"block text-sm font-medium text-gray-700 mb-2"[39m
              [36m>[39m
                [0mPassword[0m
              [36m</label>[39m
              [36m<div[39m
                [33mclass[39m=[32m"relative"[39m
              [36m>[39m
                [36m<svg[39m
                  [33mclass[39m=[32m"absolute left-3 top-1/2 transform -translate-y-1/2 text-gray-400 w-5 h-5"[39m
                  [33mfill[39m=[32m"none"[39m
                  [33mheight[39m=[32m"24"[39m
                  [33mstroke[39m=[32m"currentColor"[39m
                  [33mstroke-linecap[39m=[32m"round"[39m
                  [33mstroke-linejoin[39m=[32m"round"[39m
                  [33mstroke-width[39m=[32m"2"[39m
                  [33mviewBox[39m=[32m"0 0 24 24"[39m
                  [33mwidth[39m=[32m"24"[39m
                  [33mxmlns[39m=[32m"http://www.w3.org/2000/svg"[39m
                [36m>[39m
                  [36m<rect[39m
                    [33mheight[39m=[32m"11"[39m
                    [33mrx[39m=[32m"2"[39m
                    [33mry[39m=[32m"2"[39m
                    [33mwidth[39m=[32m"18"[39m
                    [33mx[39m=[32m"3"[39m
                    [33my[39m=[32m"11"[39m
                  [36m/>[39m
                  [36m<path[39m
                    [33md[39m=[32m"M7 11V7a5 5 0 0 1 10 0v4"[39m
                  [36m/>[39m
                [36m</svg>[39m
                [36m<input[39m
                  [33mclass[39m=[32m"w-full pl-10 pr-12 py-3 border border-gray-300 rounded-lg focus:ring-2 focus:ring-blue-500 focus:border-transparent"[39m
                  [33mplaceholder[39m=[32m"Enter your password"[39m
                  [33mrequired[39m=[32m""[39m
                  [33mtype[39m=[32m"password"[39m
                  [33mvalue[39m=[32m""[39m
                [36m/>[39m
                [36m<button[39m
                  [33mclass[39m=[32m"absolute right-3 top-1/2 transform -translate-y-1/2 text-gray-400 hover:text-gray-600"[39m
                  [33mtype[39m=[32m"button"[39m
                [36m>[39m
                  [36m<svg[39m
                    [33mclass[39m=[32m"w-5 h-5"[39m
                    [33mfill[39m=[32m"none"[39m
                    [33mheight[39m=[32m"24"[39m
                    [33mstroke[39m=[32m"currentColor"[39m
                    [33mstroke-linecap[39m=[32m"round"[39m
                    [33mstroke-linejoin[39m=[32m"round"[39m
                    [33mstroke-width[39m=[32m"2"[39m
                    [33mviewBox[39m=[32m"0 0 24 24"[39m
                    [33mwidth[39m=[32m"24"[39m
                    [33mxmlns[39m=[32m"http://www.w3.org/2000/svg"[39m
                  [36m>[39m
                    [36m<path[39m
                      [33md[39m=[32m"M2 12s3-7 10-7 10 7 10 7-3 7-10 7-10-7-10-7Z"[39m
                    [36m/>[39m
                    [36m<circle[39m
                      [33mcx[39m=[32m"12"[39m
                      [33mcy[39m=[32m"12"[39m
                      [33mr[39m=[32m"3"[39m
                    [36m/>[39m
                  [36m</svg>[39m
                [36m</button>[39m
              [36m</div>[39m
            [36m</div>[39m
            [36m<button[39m
              [33mclass[39m=[32m"w-full maya-gradient text-white py-3 rounded-lg font-medium hover:shadow-lg transition-all duration-200 disabled:opacity-50 disabled:cursor-not-allowed"[39m
              [33mtabindex[39m=[32m"0"[39m
              [33mtype[39m=[32m"submit"[39m
            [36m>[39m
              [0mSign In[0m
            [36m</button>[39m
          [36m</form>[39m
          [36m<div[39m
            [33mclass[39m=[32m"mt-6 text-center"[39m
          [36m>[39m
            [36m<p[39m
              [33mclass[39m=[32m"text-gray-600"[39m
            [36m>[39m
              [0mDon't have an account?[0m
              [0m [0m
              [36m<button[39m
                [33mclass[39m=[32m"text-blue-600 hover:text-blue-700 font-medium"[39m
              [36m>[39m
                [0mSign up[0m
              [36m</button>[39m
            [36m</p>[39m
          [36m</div>[39m
        [36m</div>[39m
      [36m</div>[39m
    [36m</div>[39m
  [36m</div>[39m
[36m</body>[39m

Ignored nodes: comments, script, style
[36m<html>[39m
  [36m<head />[39m
  [36m<body>[39m
    [36m<div>[39m
      [36m<div[39m
        [33mclass[39m=[32m"min-h-screen bg-gradient-to-br from-blue-50 via-indigo-50 to-purple-50 flex items-center justify-center p-4"[39m
      [36m>[39m
        [36m<div[39m
          [33mclass[39m=[32m"w-full max-w-md"[39m
        [36m>[39m
          [36m<div[39m
            [33mclass[39m=[32m"bg-white rounded-2xl p-8 shadow-xl max-w-md w-full"[39m
            [33mstyle[39m=[32m"opacity: 1; transform: none;"[39m
          [36m>[39m
            [36m<div[39m
              [33mclass[39m=[32m"text-center mb-8"[39m
            [36m>[39m
              [36m<h2[39m
                [33mclass[39m=[32m"text-3xl font-bold maya-text mb-2"[39m
              [36m>[39m
                [0mWelcome Back[0m
              [36m</h2>[39m
              [36m<p[39m
                [33mclass[39m=[32m"text-gray-600"[39m
              [36m>[39m
                [0mSign in to your Maya Trips account[0m
              [36m</p>[39m
              [36m<div[39m
                [33mclass[39m=[32m"mt-4 bg-blue-50 border border-blue-200 rounded-lg p-3"[39m
              [36m>[39m
                [36m<p[39m
                  [33mclass[39m=[32m"text-sm text-blue-800 font-medium"[39m
                [36m>[39m
                  [0m🎭 Demo Mode[0m
                [36m</p>[39m
                [36m<p[39m
                  [33mclass[39m=[32m"text-xs text-blue-600 mt-1"[39m
                [36m>[39m
                  [0mEmail: [0m
                  [36m<code[39m
                    [33mclass[39m=[32m"bg-blue-100 px-2 py-0.5 rounded"[39m
                  [36m>[39m
                    [0mdemo@mayatrips.com[0m
                  [36m</code>[39m
                [36m</p>[39m
                [36m<p[39m
                  [33mclass[39m=[32m"text-xs text-blue-600"[39m
                [36m>[39m
                  [0mPassword: [0m
                  [36m<code[39m
                    [33mclass[39m=[32m"bg-blue-100 px-2 py-0.5 rounded"[39m
                  [36m>[39m
                    [0mdemo123[0m
                  [36m</code>[39m
                [36m</p>[39m
              [36m</div>[39m
            [36m</div>[39m
            [36m<form[39m
              [33mclass[39m=[32m"space-y-6"[39m
            [36m>[39m
              [36m<div>[39m
                [36m<label[39m
                  [33mclass[39m=[32m"block text-sm font-medium text-gray-700 mb-2"[39m
                [36m>[39m
                  [0mEmail Address[0m
                [36m</label>[39m
                [36m<div[39m
                  [33mclass[39m=[32m"relative"[39m
                [36m>[39m
                  [36m<svg[39m
                    [33mclass[39m=[32m"absolute left-3 top-1/2 transform -translate-y-1/2 text-gray-400 w-5 h-5"[39m
                    [33mfill[39m=[32m"none"[39m
                    [33mheight[39m=[32m"24"[39m
                    [33mstroke[39m=[32m"currentColor"[39m
                    [33mstroke-linecap[39m=[32m"round"[39m
                    [33mstroke-linejoin[39m=[32m"round"[39m
                    [33mstroke-width[39m=[32m"2"[39m
                    [33mviewBox[39m=[32m"0 0 24 24"[39m
                    [33mwidth[39m=[32m"24"[39m
                    [33mxmlns[39m=[32m"http://www.w3.org/2000/svg"[39m
                  [36m>[39m
                    [36m<rect[39m
                      [33mheight[39m=[32m"16"[39m
                      [33mrx[39m=[32m"2"[39m
                      [33mwidth[39m=[32m"20"[39m
                      [33mx[39m=[32m"2"[39m
                      [33my[39m=[32m"4"[39m
                    [36m/>[39m
                    [36m<path[39m
                      [33md[39m=[32m"m22 7-8.97 5.7a1.94 1.94 0 0 1-2.06 0L2 7"[39m
                    [36m/>[39m
                  [36m</svg>[39m
                  [36m<input[39m
                    [33mclass[39m=[32m"w-full pl-10 pr-4 py-3 border border-gray-300 rounded-lg focus:ring-2 focus:ring-blue-500 focus:border-transparent"[39m
                    [33mplaceholder[39m=[32m"Enter your email"[39m
                    [33mrequired[39m=[32m""[39m
                    [33mtype[39m=[32m"email"[39m
                    [33mvalue[39m=[32m""[39m
                  [36m/>[39m
                [36m</div>[39m
              [36m</div>[39m
              [36m<div>[39m
                [36m<label[39m
                  [33mclass[39m=[32m"block text-sm font-medium text-gray-700 mb-2"[39m
                [36m>[39m
                  [0mPassword[0m
                [36m</label>[39m
                [36m<div[39m
                  [33mclass[39m=[32m"relative"[39m
                [36m>[39m
                  [36m<svg[39m
                    [33mclass[39m=[32m"absolute left-3 top-1/2 transform -translate-y-1/2 text-gray-400 w-5 h-5"[39m
                    [33mfill[39m=[32m"none"[39m
                    [33mheight[39m=[32m"24"[39m
                    [33mstroke[39m=[32m"currentColor"[39m
                    [33mstroke-linecap[39m=[32m"round"[39m
                    [33mstroke-linejoin[39m=[32m"round"[39m
                    [33mstroke-width[39m=[32m"2"[39m
                    [33mviewBox[39m=[32m"0 0 24 24"[39m
                    [33mwidth[39m=[32m"24"[39m
                    [33mxmlns[39m=[32m"http://www.w3.org/2000/svg"[39m
                  [36m>[39m
                    [36m<rect[39m
                      [33mheight[39m=[32m"11"[39m
                      [33mrx[39m=[32m"2"[39m
                      [33mry[39m=[32m"2"[39m
                      [33mwidth[39m=[32m"18"[39m
                      [33mx[39m=[32m"3"[39m
                      [33my[39m=[32m"11"[39m
                    [36m/>[39m
                    [36m<path[39m
                      [33md[39m=[32m"M7 11V7a5 5 0 0 1 10 0v4"[39m
                    [36m/>[39m
                  [36m</svg>[39m
                  [36m<input[39m
                    [33mclass[39m=[32m"w-full pl-10 pr-12 py-3 border border-gray-300 rounded-lg focus:ring-2 focus:ring-blue-500 focus:border-transparent"[39m
                    [33mplaceholder[39m=[32m"Enter your password"[39m
                    [33mrequired[39m=[32m""[39m
                    [33mtype[39m=[32m"password"[39m
                    [33mvalue[39m=[32m""[39m
                  [36m/>[39m
                  [36m<button[39m
                    [33mclass[39m=[32m"absolute right-3 top-1/2 transform -translate-y-1/2 text-gray-400 hover:text-gray-600"[39m
                    [33mtype[39m=[32m"button"[39m
                  [36m>[39m
                    [36m<svg[39m
                      [33mclass[39m=[32m"w-5 h-5"[39m
                      [33mfill[39m=[32m"none"[39m
                      [33mheight[39m=[32m"24"[39m
                      [33mstroke[39m=[32m"currentColor"[39m
                      [33mstroke-linecap[39m=[32m"round"[39m
                      [33mstroke-linejoin[39m=[32m"round"[39m
                      [33mstroke-width[39m=[32m"2"[39m
                      [33mviewBox[39m=[32m"0 0 24 24"[39m
                      [33mwidth[39m=[32m"24"[39m
                      [33mxmlns[39m=[32m"http://www.w3.org/2000/svg"[39m
                    [36m>[39m
                      [36m<path[39m
                        [33md[39m=[32m"M2 12s3-7 10-7 10 7 10 7-3 7-10 7-10-7-10-7Z"[39m
                      [36m/>[39m
                      [36m<circle[39m
                        [33mcx[39m=[32m"12"[39m
                        [33mcy[39m=[32m"12"[39m
                        [33mr[39m=[32m"3"[39m
                      [36m/>[39m
                    [36m</svg>[39m
                  [36m</button>[39m
                [36m</div>[39m
              [36m</div>[39m
              [36m<button[39m
                [33mclass[39m=[32m"w-full maya-gradient text-white py-3 rounded-lg font-medium hover:shadow-lg transition-all duration-200 disabled:opacity-50 disabled:cursor-not-allowed"[39m
                [33mtabindex[39m=[32m"0"[39m
                [33mtype[39m=[32m"submit"[39m
              [36m>[39m
                [0mSign In[0m
              [36m</button>[39m
            [36m</form>[39m
            [36m<div[39m
              [33mclass[39m=[32m"mt-6 text-center"[39m
            [36m>[39m
              [36m<p[39m
                [33mclass[39m=[32m"text-gray-600"[39m
              [36m>[39m
                [0mDon't have an account?[0m
                [0m [0m
                [36m<button[39m
                  [33mclass[39m=[32m"text-blue-600 hover:text-blue-700 font-medium"[39m
                [36m>[39m
                  [0mSign up[0m
                [36m</button>[39m
              [36m</p>[39m
            [36m</div>[39m
          [36m</div>[39m
        [36m</div>[39m
      [36m</div>[39m
    [36m</div>[39m
  [36m</body>[39m
[36m</html>[39m
 ❯ Proxy.waitForWrapper ../node_modules/@testing-library/react/node_modules/@testing-library/dom/dist/wait-for.js:163:27
 ❯ src/components/__tests__/App.test.tsx:20:11
     18|     render(<App />)
     19|     
     20|     await waitFor(() => {
       |           ^
     21|       expect(screen.getByRole('form')).toBeInTheDocument()
     22|     })

⎯⎯⎯⎯⎯⎯⎯⎯⎯⎯⎯⎯⎯⎯⎯⎯⎯⎯⎯⎯⎯⎯⎯⎯[4/5]⎯

 FAIL  src/components/__tests__/App.test.tsx > App Component > displays Maya Trips branding
TestingLibraryElementError: Unable to find an element with the text: Maya Trips. This could be because the text is broken up by multiple elements. In this case, you can provide a function for your text matcher to make your matcher more flexible.

Ignored nodes: comments, script, style
[36m<body>[39m
  [36m<div>[39m
    [36m<div[39m
      [33mclass[39m=[32m"min-h-screen bg-gradient-to-br from-blue-50 via-indigo-50 to-purple-50 flex items-center justify-center p-4"[39m
    [36m>[39m
      [36m<div[39m
        [33mclass[39m=[32m"w-full max-w-md"[39m
      [36m>[39m
        [36m<div[39m
          [33mclass[39m=[32m"bg-white rounded-2xl p-8 shadow-xl max-w-md w-full"[39m
          [33mstyle[39m=[32m"opacity: 0; transform: translateY(20px) translateZ(0);"[39m
        [36m>[39m
          [36m<div[39m
            [33mclass[39m=[32m"text-center mb-8"[39m
          [36m>[39m
            [36m<h2[39m
              [33mclass[39m=[32m"text-3xl font-bold maya-text mb-2"[39m
            [36m>[39m
              [0mWelcome Back[0m
            [36m</h2>[39m
            [36m<p[39m
              [33mclass[39m=[32m"text-gray-600"[39m
            [36m>[39m
              [0mSign in to your Maya Trips account[0m
            [36m</p>[39m
            [36m<div[39m
              [33mclass[39m=[32m"mt-4 bg-blue-50 border border-blue-200 rounded-lg p-3"[39m
            [36m>[39m
              [36m<p[39m
                [33mclass[39m=[32m"text-sm text-blue-800 font-medium"[39m
              [36m>[39m
                [0m🎭 Demo Mode[0m
              [36m</p>[39m
              [36m<p[39m
                [33mclass[39m=[32m"text-xs text-blue-600 mt-1"[39m
              [36m>[39m
                [0mEmail: [0m
                [36m<code[39m
                  [33mclass[39m=[32m"bg-blue-100 px-2 py-0.5 rounded"[39m
                [36m>[39m
                  [0mdemo@mayatrips.com[0m
                [36m</code>[39m
              [36m</p>[39m
              [36m<p[39m
                [33mclass[39m=[32m"text-xs text-blue-600"[39m
              [36m>[39m
                [0mPassword: [0m
                [36m<code[39m
                  [33mclass[39m=[32m"bg-blue-100 px-2 py-0.5 rounded"[39m
                [36m>[39m
                  [0mdemo123[0m
                [36m</code>[39m
              [36m</p>[39m
            [36m</div>[39m
          [36m</div>[39m
          [36m<form[39m
            [33mclass[39m=[32m"space-y-6"[39m
          [36m>[39m
            [36m<div>[39m
              [36m<label[39m
                [33mclass[39m=[32m"block text-sm font-medium text-gray-700 mb-2"[39m
              [36m>[39m
                [0mEmail Address[0m
              [36m</label>[39m
              [36m<div[39m
                [33mclass[39m=[32m"relative"[39m
              [36m>[39m
                [36m<svg[39m
                  [33mclass[39m=[32m"absolute left-3 top-1/2 transform -translate-y-1/2 text-gray-400 w-5 h-5"[39m
                  [33mfill[39m=[32m"none"[39m
                  [33mheight[39m=[32m"24"[39m
                  [33mstroke[39m=[32m"currentColor"[39m
                  [33mstroke-linecap[39m=[32m"round"[39m
                  [33mstroke-linejoin[39m=[32m"round"[39m
                  [33mstroke-width[39m=[32m"2"[39m
                  [33mviewBox[39m=[32m"0 0 24 24"[39m
                  [33mwidth[39m=[32m"24"[39m
                  [33mxmlns[39m=[32m"http://www.w3.org/2000/svg"[39m
                [36m>[39m
                  [36m<rect[39m
                    [33mheight[39m=[32m"16"[39m
                    [33mrx[39m=[32m"2"[39m
                    [33mwidth[39m=[32m"20"[39m
                    [33mx[39m=[32m"2"[39m
                    [33my[39m=[32m"4"[39m
                  [36m/>[39m
                  [36m<path[39m
                    [33md[39m=[32m"m22 7-8.97 5.7a1.94 1.94 0 0 1-2.06 0L2 7"[39m
                  [36m/>[39m
                [36m</svg>[39m
                [36m<input[39m
                  [33mclass[39m=[32m"w-full pl-10 pr-4 py-3 border border-gray-300 rounded-lg focus:ring-2 focus:ring-blue-500 focus:border-transparent"[39m
                  [33mplaceholder[39m=[32m"Enter your email"[39m
                  [33mrequired[39m=[32m""[39m
                  [33mtype[39m=[32m"email"[39m
                  [33mvalue[39m=[32m""[39m
                [36m/>[39m
              [36m</div>[39m
            [36m</div>[39m
            [36m<div>[39m
              [36m<label[39m
                [33mclass[39m=[32m"block text-sm font-medium text-gray-700 mb-2"[39m
              [36m>[39m
                [0mPassword[0m
              [36m</label>[39m
              [36m<div[39m
                [33mclass[39m=[32m"relative"[39m
              [36m>[39m
                [36m<svg[39m
                  [33mclass[39m=[32m"absolute left-3 top-1/2 transform -translate-y-1/2 text-gray-400 w-5 h-5"[39m
                  [33mfill[39m=[32m"none"[39m
                  [33mheight[39m=[32m"24"[39m
                  [33mstroke[39m=[32m"currentColor"[39m
                  [33mstroke-linecap[39m=[32m"round"[39m
                  [33mstroke-linejoin[39m=[32m"round"[39m
                  [33mstroke-width[39m=[32m"2"[39m
                  [33mviewBox[39m=[32m"0 0 24 24"[39m
                  [33mwidth[39m=[32m"24"[39m
                  [33mxmlns[39m=[32m"http://www.w3.org/2000/svg"[39m
                [36m>[39m
                  [36m<rect[39m
                    [33mheight[39m=[32m"11"[39m
                    [33mrx[39m=[32m"2"[39m
                    [33mry[39m=[32m"2"[39m
                    [33mwidth[39m=[32m"18"[39m
                    [33mx[39m=[32m"3"[39m
                    [33my[39m=[32m"11"[39m
                  [36m/>[39m
                  [36m<path[39m
                    [33md[39m=[32m"M7 11V7a5 5 0 0 1 10 0v4"[39m
                  [36m/>[39m
                [36m</svg>[39m
                [36m<input[39m
                  [33mclass[39m=[32m"w-full pl-10 pr-12 py-3 border border-gray-300 rounded-lg focus:ring-2 focus:ring-blue-500 focus:border-transparent"[39m
                  [33mplaceholder[39m=[32m"Enter your password"[39m
                  [33mrequired[39m=[32m""[39m
                  [33mtype[39m=[32m"password"[39m
                  [33mvalue[39m=[32m""[39m
                [36m/>[39m
                [36m<button[39m
                  [33mclass[39m=[32m"absolute right-3 top-1/2 transform -translate-y-1/2 text-gray-400 hover:text-gray-600"[39m
                  [33mtype[39m=[32m"button"[39m
                [36m>[39m
                  [36m<svg[39m
                    [33mclass[39m=[32m"w-5 h-5"[39m
                    [33mfill[39m=[32m"none"[39m
                    [33mheight[39m=[32m"24"[39m
                    [33mstroke[39m=[32m"currentColor"[39m
                    [33mstroke-linecap[39m=[32m"round"[39m
                    [33mstroke-linejoin[39m=[32m"round"[39m
                    [33mstroke-width[39m=[32m"2"[39m
                    [33mviewBox[39m=[32m"0 0 24 24"[39m
                    [33mwidth[39m=[32m"24"[39m
                    [33mxmlns[39m=[32m"http://www.w3.org/2000/svg"[39m
                  [36m>[39m
                    [36m<path[39m
                      [33md[39m=[32m"M2 12s3-7 10-7 10 7 10 7-3 7-10 7-10-7-10-7Z"[39m
                    [36m/>[39m
                    [36m<circle[39m
                      [33mcx[39m=[32m"12"[39m
                      [33mcy[39m=[32m"12"[39m
                      [33mr[39m=[32m"3"[39m
                    [36m/>[39m
                  [36m</svg>[39m
                [36m</button>[39m
              [36m</div>[39m
            [36m</div>[39m
            [36m<button[39m
              [33mclass[39m=[32m"w-full maya-gradient text-white py-3 rounded-lg font-medium hover:shadow-lg transition-all duration-200 disabled:opacity-50 disabled:cursor-not-allowed"[39m
              [33mtabindex[39m=[32m"0"[39m
              [33mtype[39m=[32m"submit"[39m
            [36m>[39m
              [0mSign In[0m
            [36m</button>[39m
          [36m</form>[39m
          [36m<div[39m
            [33mclass[39m=[32m"mt-6 text-center"[39m
          [36m>[39m
            [36m<p[39m
              [33mclass[39m=[32m"text-gray-600"[39m
            [36m>[39m
              [0mDon't have an account?[0m
              [0m [0m
              [36m<button[39m
                [33mclass[39m=[32m"text-blue-600 hover:text-blue-700 font-medium"[39m
              [36m>[39m
                [0mSign up[0m
              [36m</button>[39m
            [36m</p>[39m
          [36m</div>[39m
        [36m</div>[39m
      [36m</div>[39m
    [36m</div>[39m
  [36m</div>[39m
[36m</body>[39m
 ❯ Object.getElementError ../node_modules/@testing-library/react/node_modules/@testing-library/dom/dist/config.js:37:19
 ❯ ../node_modules/@testing-library/react/node_modules/@testing-library/dom/dist/query-helpers.js:76:38
 ❯ ../node_modules/@testing-library/react/node_modules/@testing-library/dom/dist/query-helpers.js:52:17
 ❯ ../node_modules/@testing-library/react/node_modules/@testing-library/dom/dist/query-helpers.js:95:19
 ❯ src/components/__tests__/App.test.tsx:27:19
     25|   it('displays Maya Trips branding', () => {
     26|     render(<App />)
     27|     expect(screen.getByText('Maya Trips')).toBeInTheDocument()
       |                   ^
     28|   })
     29| })

⎯⎯⎯⎯⎯⎯⎯⎯⎯⎯⎯⎯⎯⎯⎯⎯⎯⎯⎯⎯⎯⎯⎯⎯[5/5]⎯

 Test Files  3 failed | 2 passed (5)
      Tests  3 failed | 9 passed (12)
   Start at  05:59:50
   Duration  181.24s (transform 13.19s, setup 63.43s, collect 101.76s, tests 13.89s, environment 151.09s, prepare 34.13s)

npm error Lifecycle script `test` failed with error:
npm error code 1
npm error path /Users/Shared/maya-travel-agent/frontend
npm error workspace maya-trips-frontend@1.0.0
npm error location /Users/Shared/maya-travel-agent/frontend
npm error command failed
npm error command sh -c vitest --run
